{
  "version": "1.5.0",
  "plugins_used": [
    {
      "name": "ArtifactoryDetector"
    },
    {
      "name": "AWSKeyDetector"
    },
    {
      "name": "AzureStorageKeyDetector"
    },
    {
      "name": "Base64HighEntropyString",
      "limit": 4.5
    },
    {
      "name": "BasicAuthDetector"
    },
    {
      "name": "CloudantDetector"
    },
    {
      "name": "DiscordBotTokenDetector"
    },
    {
      "name": "GitHubTokenDetector"
    },
    {
      "name": "GitLabTokenDetector"
    },
    {
      "name": "HexHighEntropyString",
      "limit": 3.0
    },
    {
      "name": "IbmCloudIamDetector"
    },
    {
      "name": "IbmCosHmacDetector"
    },
    {
      "name": "IPPublicDetector"
    },
    {
      "name": "JwtTokenDetector"
    },
    {
      "name": "KeywordDetector",
      "keyword_exclude": ""
    },
    {
      "name": "MailchimpDetector"
    },
    {
      "name": "NpmDetector"
    },
    {
      "name": "OpenAIDetector"
    },
    {
      "name": "PrivateKeyDetector"
    },
    {
      "name": "PypiTokenDetector"
    },
    {
      "name": "SendGridDetector"
    },
    {
      "name": "SlackDetector"
    },
    {
      "name": "SoftlayerDetector"
    },
    {
      "name": "SquareOAuthDetector"
    },
    {
      "name": "StripeDetector"
    },
    {
      "name": "TelegramBotTokenDetector"
    },
    {
      "name": "TwilioKeyDetector"
    }
  ],
  "filters_used": [
    {
      "path": "detect_secrets.filters.allowlist.is_line_allowlisted"
    },
    {
      "path": "detect_secrets.filters.common.is_ignored_due_to_verification_policies",
      "min_level": 2
    },
    {
      "path": "detect_secrets.filters.heuristic.is_indirect_reference"
    },
    {
      "path": "detect_secrets.filters.heuristic.is_likely_id_string"
    },
    {
      "path": "detect_secrets.filters.heuristic.is_lock_file"
    },
    {
      "path": "detect_secrets.filters.heuristic.is_not_alphanumeric_string"
    },
    {
      "path": "detect_secrets.filters.heuristic.is_potential_uuid"
    },
    {
      "path": "detect_secrets.filters.heuristic.is_prefixed_with_dollar_sign"
    },
    {
      "path": "detect_secrets.filters.heuristic.is_sequential_string"
    },
    {
      "path": "detect_secrets.filters.heuristic.is_swagger_file"
    },
    {
      "path": "detect_secrets.filters.heuristic.is_templated_secret"
    },
    {
      "path": "detect_secrets.filters.regex.should_exclude_file",
      "pattern": [
        "\\.venv/",
        "node_modules/"
      ]
    }
  ],
  "results": {
    ".specify\\integrations\\claude.manifest.json": [
      {
        "type": "Hex High Entropy String",
        "filename": ".specify\\integrations\\claude.manifest.json",
        "hashed_secret": "85d2166c418ca40b4d40808edfcb1c0fc976e78e",
        "is_verified": false,
        "line_number": 6
      },
      {
        "type": "Hex High Entropy String",
        "filename": ".specify\\integrations\\claude.manifest.json",
        "hashed_secret": "cddb7b0db2d97c3b94e35182b354623f87f5d5c4",
        "is_verified": false,
        "line_number": 7
      },
      {
        "type": "Hex High Entropy String",
        "filename": ".specify\\integrations\\claude.manifest.json",
        "hashed_secret": "f7680add8a1309215dfcc41f944967f8db212c98",
        "is_verified": false,
        "line_number": 8
      },
      {
        "type": "Hex High Entropy String",
        "filename": ".specify\\integrations\\claude.manifest.json",
        "hashed_secret": "ba160126946f38eeada895ecdf3df69269d9d5af",
        "is_verified": false,
        "line_number": 9
      },
      {
        "type": "Hex High Entropy String",
        "filename": ".specify\\integrations\\claude.manifest.json",
        "hashed_secret": "4b2ace05e88a1a2a54258edf8100c997585a752b",
        "is_verified": false,
        "line_number": 10
      },
      {
        "type": "Hex High Entropy String",
        "filename": ".specify\\integrations\\claude.manifest.json",
        "hashed_secret": "333573ad834e33d887f6a64586b80b4f50be226c",
        "is_verified": false,
        "line_number": 11
      },
      {
        "type": "Hex High Entropy String",
        "filename": ".specify\\integrations\\claude.manifest.json",
        "hashed_secret": "b964afa39f75922b839ce05666ade3147ea8ac6f",
        "is_verified": false,
        "line_number": 12
      },
      {
        "type": "Hex High Entropy String",
        "filename": ".specify\\integrations\\claude.manifest.json",
        "hashed_secret": "cfc54206113005aadf43426722a82da46e5b5c73",
        "is_verified": false,
        "line_number": 13
      },
      {
        "type": "Hex High Entropy String",
        "filename": ".specify\\integrations\\claude.manifest.json",
        "hashed_secret": "01018f3ca100117560801ed741e4f74016587ea1",
        "is_verified": false,
        "line_number": 14
      },
      {
        "type": "Hex High Entropy String",
        "filename": ".specify\\integrations\\claude.manifest.json",
        "hashed_secret": "ad00e36eb9459e014a0108c9bfc02a0b3dda1b7b",
        "is_verified": false,
        "line_number": 15
      }
    ],
    ".specify\\integrations\\speckit.manifest.json": [
      {
        "type": "Hex High Entropy String",
        "filename": ".specify\\integrations\\speckit.manifest.json",
        "hashed_secret": "26a9e8cdd01ffea50f2da31ee9883c51872e3666",
        "is_verified": false,
        "line_number": 6
      },
      {
        "type": "Hex High Entropy String",
        "filename": ".specify\\integrations\\speckit.manifest.json",
        "hashed_secret": "cd4c0e435ce6072f29d941be6f426c742c215b9e",
        "is_verified": false,
        "line_number": 7
      },
      {
        "type": "Hex High Entropy String",
        "filename": ".specify\\integrations\\speckit.manifest.json",
        "hashed_secret": "b7446a314758a9ef9ee8fc4f46acac67b657b6e3",
        "is_verified": false,
        "line_number": 8
      },
      {
        "type": "Hex High Entropy String",
        "filename": ".specify\\integrations\\speckit.manifest.json",
        "hashed_secret": "8b0ebee6d86d99dae230311e4d2b1760c72126c0",
        "is_verified": false,
        "line_number": 9
      },
      {
        "type": "Hex High Entropy String",
        "filename": ".specify\\integrations\\speckit.manifest.json",
        "hashed_secret": "407e8243978b6bc06182c704f54b1e279f68701e",
        "is_verified": false,
        "line_number": 10
      },
      {
        "type": "Hex High Entropy String",
        "filename": ".specify\\integrations\\speckit.manifest.json",
        "hashed_secret": "befd7fb2248f430b89fdefd0fdc96c108c133181",
        "is_verified": false,
        "line_number": 11
      },
      {
        "type": "Hex High Entropy String",
        "filename": ".specify\\integrations\\speckit.manifest.json",
        "hashed_secret": "0f89f7d4e0d0a97e53da064240d3cf9eb5851498",
        "is_verified": false,
        "line_number": 12
      },
      {
        "type": "Hex High Entropy String",
        "filename": ".specify\\integrations\\speckit.manifest.json",
        "hashed_secret": "ecde51343aeae413aaba7dc0a5eb327c83bdd97f",
        "is_verified": false,
        "line_number": 13
      },
      {
        "type": "Hex High Entropy String",
        "filename": ".specify\\integrations\\speckit.manifest.json",
        "hashed_secret": "96117805182e50acad4a4621d7f1a46e1fe2ce63",
        "is_verified": false,
        "line_number": 14
      },
      {
        "type": "Hex High Entropy String",
        "filename": ".specify\\integrations\\speckit.manifest.json",
        "hashed_secret": "9ca09f61b0fce77137bb336a5537503f9f28be91",
        "is_verified": false,
        "line_number": 15
      },
      {
        "type": "Hex High Entropy String",
        "filename": ".specify\\integrations\\speckit.manifest.json",
        "hashed_secret": "1cc789c9238e339abe947becc75953c91c51e4d8",
        "is_verified": false,
        "line_number": 16
      },
      {
        "type": "Hex High Entropy String",
        "filename": ".specify\\integrations\\speckit.manifest.json",
        "hashed_secret": "000736b92022e8c39e1d23a2181065fb5da813d6",
        "is_verified": false,
        "line_number": 17
      }
    ],
    "tests\\test_fetcher.py": [
      {
        "type": "Secret Keyword",
        "filename": "tests\\test_fetcher.py",
        "hashed_secret": "9332ae193a45f9944155759fb0603088619b839d",
        "is_verified": false,
        "line_number": 29
      },
      {
        "type": "Secret Keyword",
        "filename": "tests\\test_fetcher.py",
        "hashed_secret": "850db4b848656b126c480e4538881763c78b4d8f",
        "is_verified": false,
        "line_number": 30
      }
    ]
  },
  "generated_at": "2026-09-06T17:27:18Z"
}
